[ripara.7uptheme.net/index.html]
[backblue.gif]
[fade.gif]
[index.html]
[ripara.7uptheme.net/wp-content/uploads/2019/01/background-silder-home-12fae.jpg]
[ripara.7uptheme.net/feed/index.html]
[ripara.7uptheme.net/comments/feed/index.html]
[ripara.7uptheme.net/wp-includes/js/jquery/jquery-migrate.min.js]
[ripara.7uptheme.net/wp-includes/js/jquery/jquery.js]
[ripara.7uptheme.net/wp-content/plugins/woocommerce/assets/js/frontend/add-to-cart.min.js]
[ripara.7uptheme.net/wp-content/plugins/woo-notification/js/woo-notification.min.js]
[ripara.7uptheme.net/wp-content/plugins/woocommerce/assets/js/jquery-blockui/jquery.blockUI.min.js]
[ripara.7uptheme.net/wp-includes/wlwmanifest.xml]
[ripara.7uptheme.net/wp-content/plugins/js_composer/assets/js/vendors/woocommerce-add-to-cart.js]
[ripara.7uptheme.net/xmlrpc0db0.php]
[ripara.7uptheme.net/wp-json/index.html]
[ripara.7uptheme.net/home-2/index.html]
[ripara.7uptheme.net/wp-json/oembed/1.0/embedb82d.json]
[ripara.7uptheme.net/wp-json/oembed/1.0/embed34dd]
[ripara.7uptheme.net/home-3/index.html]
[ripara.7uptheme.net/home-4/index.html]
[ripara.7uptheme.net/home-6/index.html]
[ripara.7uptheme.net/home-5/index.html]
[ripara.7uptheme.net/home-7/index.html]
[ripara.7uptheme.net/wp-login.html]
[ripara.7uptheme.net/home-9/index.html]
[ripara.7uptheme.net/home-8/index.html]
[ripara.7uptheme.net/wp-content/plugins/yith-woocommerce-wishlist/assets/js/jquery.selectBox.min.js]
[ripara.7uptheme.net/shop-grid-2-column/index.html]
[ripara.7uptheme.net/shop/index.html]
[ripara.7uptheme.net/wp-content/plugins/yith-woocommerce-wishlist/assets/js/jquery.yith-wcwl.js]
[ripara.7uptheme.net/shop-grid-5-column/index.html]
[ripara.7uptheme.net/shop-grid-4-column/index.html]
[ripara.7uptheme.net/shop-grid-3-column/index.html]
[ripara.7uptheme.net/wp-content/plugins/contact-form-7/includes/js/scripts.js]
[ripara.7uptheme.net/shop-ajax/index.html]
[ripara.7uptheme.net/shop-list-full/index.html]
[ripara.7uptheme.net/blog-left-sidebar/index.html]
[ripara.7uptheme.net/wp-content/plugins/woocommerce/assets/js/js-cookie/js.cookie.min.js]
[ripara.7uptheme.net/blog-classic/index.html]
[ripara.7uptheme.net/shop-list-sidebar/index.html]
[ripara.7uptheme.net/wp-content/plugins/woocommerce/assets/js/frontend/woocommerce.min.js]
[ripara.7uptheme.net/blog-masonry/index.html]
[ripara.7uptheme.net/blog-loadmore/index.html]
[ripara.7uptheme.net/blog-full/index.html]
[ripara.7uptheme.net/blog-grid-style-2/index.html]
[ripara.7uptheme.net/wp-content/plugins/woocommerce/assets/js/frontend/cart-fragments.min.js]
[ripara.7uptheme.net/blog-grid/index.html]
[ripara.7uptheme.net/blog-grid-style-5/index.html]
[ripara.7uptheme.net/wp-content/plugins/yith-woocommerce-compare/assets/js/woocompare.min.js]
[ripara.7uptheme.net/blog-grid-style-3/index.html]
[ripara.7uptheme.net/2018/11/02/the-worlds-most-expensive-car-wheel-and-designers-biography-2/index.html]
[ripara.7uptheme.net/blog-grid-style-4/index.html]
[ripara.7uptheme.net/wp-content/plugins/yith-woocommerce-compare/assets/js/jquery.colorbox-min.js]
[ripara.7uptheme.net/2018/11/02/the-full-story-of-1960s-car-wheels-collection/index.html]
[ripara.7uptheme.net/2018/11/28/the-story-of-designer-hailey-with-car-wheels-2/index.html]
[ripara.7uptheme.net/wp-content/plugins/woocommerce/assets/js/prettyPhoto/jquery.prettyPhoto.min.js]
[ripara.7uptheme.net/wp-includes/js/underscore.min.js]
[ripara.7uptheme.net/wp-includes/js/wp-util.min.js]
[ripara.7uptheme.net/wp-content/plugins/woocommerce/assets/js/frontend/add-to-cart-variation.min.js]
[ripara.7uptheme.net/wp-content/themes/ripara/assets/js/lib/bootstrap4.0.min.js]
[ripara.7uptheme.net/wp-includes/js/imagesloaded.min.js]
[ripara.7uptheme.net/wp-includes/js/masonry.min.js]
[ripara.7uptheme.net/wp-includes/js/jquery/jquery.masonry.min.js]
[ripara.7uptheme.net/wp-includes/js/jquery/ui/core.min.js]
[ripara.7uptheme.net/wp-includes/js/jquery/ui/widget.min.js]
[ripara.7uptheme.net/wp-includes/js/jquery/ui/tabs.min.js]
[ripara.7uptheme.net/wp-includes/js/jquery/ui/mouse.min.js]
[ripara.7uptheme.net/wp-includes/js/jquery/ui/slider.min.js]
[ripara.7uptheme.net/wp-content/themes/ripara/assets/js/lib/jquery.fancybox.min.js]
[ripara.7uptheme.net/wp-content/themes/ripara/assets/js/lib/owl.carousel.min.js]
[ripara.7uptheme.net/wp-content/themes/ripara/assets/js/lib/jquery.jcarousellite.min.js]
[ripara.7uptheme.net/wp-content/themes/ripara/assets/js/lib/jquery.mCustomScrollbar.min.js]
[ripara.7uptheme.net/wp-content/themes/ripara/assets/js/lib/jquery.elevatezoom.min.52.delayed]
[ripara.7uptheme.net/wp-content/themes/ripara/assets/js/lib/TimeCircles.min.js]
[ripara.7uptheme.net/wp-content/themes/ripara/assets/js/lib/numscroller.js]
[ripara.7uptheme.net/wp-content/themes/ripara/assets/js/lib/hoverdirection.js]
[ripara.7uptheme.net/wp-content/themes/ripara/assets/js/script.js]
[ripara.7uptheme.net/wp-content/themes/ripara/assets/js/theme.js]
[ripara.7uptheme.net/product/engine-qct-132/index.html]
[ripara.7uptheme.net/wp-content/themes/ripara/assets/js/ajax.js]
[ripara.7uptheme.net/indexcadd.html]
[ripara.7uptheme.net/wp-includes/js/wp-embed.min.js]
[ripara.7uptheme.net/indexd9e9.html]
[ripara.7uptheme.net/wp-content/plugins/js_composer/assets/js/dist/js_composer_front.min.js]
[ripara.7uptheme.net/indexcc46.html]
[ripara.7uptheme.net/index25c6.html]
[ripara.7uptheme.net/wp-content/plugins/js_composer/assets/lib/bower/skrollr/dist/skrollr.min.js]
[ripara.7uptheme.net/index9f19.html]
[ripara.7uptheme.net/wp-content/plugins/mailchimp-for-wp/assets/js/forms-api.min.js]
[ripara.7uptheme.net/index.html]
[ripara.7uptheme.net/indexe983.html]
[ripara.7uptheme.net/xmlrpc.php]
[ripara.7uptheme.net/indexc43b.html]
[ripara.7uptheme.net/indexc7bd.html]
[ripara.7uptheme.net/index1d88.html]
[ripara.7uptheme.net/index0baf.html]
[ripara.7uptheme.net/wp-content/plugins/7up-core/libs/assets/admin/img/arrow-down.png]
[ripara.7uptheme.net/wp-content/plugins/7up-core/libs/assets/admin/css/admin.css]
[ripara.7uptheme.net/index7d7b.html]
[ripara.7uptheme.net/indexe6a5.html]
[ripara.7uptheme.net/wp-includes/css/dist/block-library/style.min.css]
[ripara.7uptheme.net/index191c.html]
[ripara.7uptheme.net/wp-includes/css/dist/block-library/theme.min.css]
[ripara.7uptheme.net/index0290.html]
[ripara.7uptheme.net/index4bd5.html]
[ripara.7uptheme.net/wp-content/plugins/yith-woocommerce-wishlist/assets/images/jquery.selectBox-arrow.gif]
[ripara.7uptheme.net/wp-content/plugins/yith-woocommerce-wishlist/assets/css/jquery.selectBox.css]
[ripara.7uptheme.net/index30b0.html]
[ripara.7uptheme.net/product/engine-frame-name-5/index.html]
[ripara.7uptheme.net/index9cc0.html]
[ripara.7uptheme.net/wp-content/plugins/yith-woocommerce-wishlist/assets/fonts/fontawesome-webfont3e6e.eot]
[ripara.7uptheme.net/wp-content/plugins/yith-woocommerce-wishlist/assets/fonts/fontawesome-webfontd41d.eot]
[ripara.7uptheme.net/indexa7d5.html]
[ripara.7uptheme.net/product/wheel-svn-1020-fixed-image/index.html]
[ripara.7uptheme.net/2019/01/08/high-quality-car-motors-are-only-available-at-our-shop-3/index.html]
[ripara.7uptheme.net/2019/01/08/the-most-expensive-car-wheel-designers-biography-2/index.html]
[ripara.7uptheme.net/wp-content/plugins/yith-woocommerce-wishlist/assets/fonts/fontawesome-webfont3e6e.woff]
[ripara.7uptheme.net/2019/01/08/top-10-sets-of-auto-accessories-cheapest-in-2018-3/index.html]
[ripara.7uptheme.net/author/7uptheme/index.html]
[ripara.7uptheme.net/wp-content/plugins/yith-woocommerce-wishlist/assets/fonts/fontawesome-webfont3e6e.ttf]
[ripara.7uptheme.net/wp-content/plugins/yith-woocommerce-wishlist/assets/css/font-awesome.min.css]
[ripara.7uptheme.net/wp-content/plugins/yith-woocommerce-wishlist/assets/images/jquery.selectBox-arrow.png]
[ripara.7uptheme.net/wp-content/plugins/yith-woocommerce-wishlist/assets/images/facebook.png]
[ripara.7uptheme.net/wp-content/plugins/yith-woocommerce-wishlist/assets/images/twitter.png]
[ripara.7uptheme.net/wp-content/plugins/yith-woocommerce-wishlist/assets/images/pinterest.jpg]
[ripara.7uptheme.net/wp-content/plugins/yith-woocommerce-wishlist/assets/images/googleplus.jpg]
[ripara.7uptheme.net/wp-content/plugins/yith-woocommerce-wishlist/assets/images/email.jpg]
[ripara.7uptheme.net/wp-content/plugins/yith-woocommerce-wishlist/assets/images/whatsapp.png]
[ripara.7uptheme.net/wp-content/plugins/yith-woocommerce-wishlist/assets/css/style.css]
[ripara.7uptheme.net/wp-content/plugins/contact-form-7/images/ajax-loader.gif]
[ripara.7uptheme.net/wp-content/plugins/contact-form-7/includes/css/styles.css]
[ripara.7uptheme.net/wp-content/plugins/woo-notification/images/close.png]
[ripara.7uptheme.net/wp-content/plugins/woo-notification/css/woo-notification.min.css]
[ripara.7uptheme.net/wp-content/plugins/woocommerce/assets/css/woocommerce-layout.css]
[ripara.7uptheme.net/wp-content/plugins/woocommerce/assets/css/woocommerce-smallscreen.css]
[ripara.7uptheme.net/wp-content/plugins/woocommerce/assets/fonts/star.eot]
[ripara.7uptheme.net/wp-content/plugins/woocommerce/assets/fonts/stard41d.eot]
[ripara.7uptheme.net/wp-content/plugins/woocommerce/assets/fonts/star.woff]
[ripara.7uptheme.net/wp-content/plugins/woocommerce/assets/fonts/star.ttf]
[ripara.7uptheme.net/wp-content/plugins/woocommerce/assets/fonts/WooCommerce.eot]
[ripara.7uptheme.net/wp-content/plugins/woocommerce/assets/fonts/WooCommerced41d.eot]
[ripara.7uptheme.net/wp-content/plugins/woocommerce/assets/fonts/WooCommerce.woff]
[ripara.7uptheme.net/wp-content/plugins/woocommerce/assets/fonts/WooCommerce.ttf]
[ripara.7uptheme.net/wp-content/plugins/woocommerce/assets/css/woocommerce.css]
[ripara.7uptheme.net/wp-content/plugins/yith-woocommerce-compare/assets/images/colorbox/controls.png]
[ripara.7uptheme.net/wp-content/plugins/yith-woocommerce-compare/assets/images/colorbox/border.png]
[ripara.7uptheme.net/wp-content/plugins/yith-woocommerce-compare/assets/images/colorbox/loading_background.png]
[ripara.7uptheme.net/wp-content/plugins/yith-woocommerce-compare/assets/css/colorbox.css]
[ripara.7uptheme.net/wp-content/plugins/woocommerce/assets/css/prettyPhoto.css]
[ripara.7uptheme.net/wp-content/plugins/yith-woocommerce-compare/assets/images/colorbox/loading.gif]
[ripara.7uptheme.net/wp-content/plugins/js_composer/assets/lib/bower/font-awesome/fonts/fontawesome-webfont3e6e.eot]
[ripara.7uptheme.net/wp-content/plugins/js_composer/assets/lib/bower/font-awesome/fonts/fontawesome-webfontd41d.eot]
[ripara.7uptheme.net/wp-content/plugins/js_composer/assets/lib/bower/font-awesome/fonts/fontawesome-webfont3e6e.woff]
[ripara.7uptheme.net/wp-content/plugins/js_composer/assets/lib/bower/font-awesome/fonts/fontawesome-webfont3e6e.ttf]
[ripara.7uptheme.net/wp-content/plugins/js_composer/assets/lib/bower/font-awesome/css/font-awesome.min.css]
[ripara.7uptheme.net/wp-content/themes/ripara/assets/css/lib/bootstrap.min.css]
[ripara.7uptheme.net/wp-content/themes/ripara/assets/css/lib/bootstrap-theme.min.css]
[ripara.7uptheme.net/wp-content/themes/ripara/assets/css/lib/fancybox_sprite.png]
[ripara.7uptheme.net/wp-content/themes/ripara/assets/css/lib/fancybox_loading.gif]
[ripara.7uptheme.net/wp-content/themes/ripara/assets/css/lib/blank.gif]
[ripara.7uptheme.net/wp-content/themes/ripara/assets/css/lib/fancybox_overlay.png]
[ripara.7uptheme.net/wp-content/themes/ripara/assets/css/lib/fancybox_sprite@2x.png]
[ripara.7uptheme.net/wp-content/themes/ripara/assets/css/lib/fancybox_loading@2x.gif]
[ripara.7uptheme.net/wp-content/themes/ripara/assets/css/lib/jquery.fancybox.min.css]
[ripara.7uptheme.net/wp-content/themes/ripara/assets/css/lib/jquery-ui.min.css]
[ripara.7uptheme.net/wp-content/themes/ripara/assets/css/lib/grabbing.png]
[ripara.7uptheme.net/wp-content/themes/ripara/assets/css/lib/owl.carousel.min.css]
[ripara.7uptheme.net/wp-content/themes/ripara/assets/css/lib/AjaxLoader.gif]
[ripara.7uptheme.net/wp-content/themes/ripara/assets/css/lib/owl.theme.min.css]
[ripara.7uptheme.net/wp-content/themes/ripara/assets/css/lib/owl.transitions.min.css]
[ripara.7uptheme.net/wp-content/themes/ripara/assets/css/lib/jquery.mCustomScrollbar.min.css]
[ripara.7uptheme.net/wp-content/themes/ripara/assets/css/images/icon/rate-star.png]
[ripara.7uptheme.net/wp-content/themes/ripara/assets/css/images/icon/rate-star2.png]
[ripara.7uptheme.net/wp-content/themes/ripara/assets/css/lib/theme.css]
[ripara.7uptheme.net/wp-content/themes/ripara/assets/css/fonts/ElegantIcons.eot]
[ripara.7uptheme.net/wp-content/themes/ripara/assets/css/fonts/ElegantIconsd41d.eot]
[ripara.7uptheme.net/wp-content/themes/ripara/assets/css/fonts/ElegantIcons.woff]
[ripara.7uptheme.net/wp-content/themes/ripara/assets/css/fonts/ElegantIcons.ttf]
[ripara.7uptheme.net/wp-content/themes/ripara/assets/css/lib/font-elegant.min.css]
[ripara.7uptheme.net/wp-content/themes/ripara/assets/css/lib/animations.min.css]
[ripara.7uptheme.net/wp-content/themes/ripara/assets/css/lib/animation.css]
[ripara.7uptheme.net/wp-content/themes/ripara/assets/css/lib/hover.min.css]
[ripara.7uptheme.net/wp-content/themes/ripara/assets/css/fonts/Linearicons.ttf]
[ripara.7uptheme.net/wp-content/themes/ripara/assets/css/lib/linear-icon.min.css]
[ripara.7uptheme.net/wp-content/themes/ripara/assets/css/fonts/MrDeHaviland-Regular.ttf]
[ripara.7uptheme.net/wp-content/themes/ripara/assets/css/custom-style.css]
[ripara.7uptheme.net/wp-content/themes/ripara/assets/css/sass/sass.css]
[ripara.7uptheme.net/wp-content/themes/ripara/assets/css/responsive.css]
[ripara.7uptheme.net/wp-content/themes/ripara/assets/css/lib/color.min.css]
[ripara.7uptheme.net/wp-content/themes/ripara/style.css]
[ripara.7uptheme.net/wp-content/plugins/7up-core/libs/assets/css/res-vcedo.css]
[ripara.7uptheme.net/wp-content/plugins/js_composer/assets/vc/alert.png]
[ripara.7uptheme.net/wp-content/plugins/js_composer/assets/vc/info.png]
[ripara.7uptheme.net/wp-content/plugins/js_composer/assets/vc/tick.png]
[ripara.7uptheme.net/wp-content/plugins/js_composer/assets/vc/exclamation.png]
[ripara.7uptheme.net/wp-content/plugins/js_composer/assets/images/icons/address-book.png]
[ripara.7uptheme.net/wp-content/plugins/js_composer/assets/images/icons/alarm-clock.png]
[ripara.7uptheme.net/wp-content/plugins/js_composer/assets/images/icons/anchor.png]
[ripara.7uptheme.net/wp-content/plugins/js_composer/assets/images/icons/application-image.png]
[ripara.7uptheme.net/wp-content/plugins/js_composer/assets/images/icons/arrow.png]
[ripara.7uptheme.net/wp-content/plugins/js_composer/assets/images/icons/asterisk.png]
[ripara.7uptheme.net/wp-content/plugins/js_composer/assets/images/icons/auction-hammer.png]
[ripara.7uptheme.net/wp-content/plugins/js_composer/assets/images/icons/balloon.png]
[ripara.7uptheme.net/wp-content/plugins/js_composer/assets/images/icons/balloon-buzz.png]
[ripara.7uptheme.net/wp-content/plugins/js_composer/assets/images/icons/balloon-facebook.png]
[ripara.7uptheme.net/wp-content/plugins/js_composer/assets/images/icons/balloon-twitter.png]
[ripara.7uptheme.net/wp-content/plugins/js_composer/assets/images/icons/battery-full.png]
[ripara.7uptheme.net/wp-content/plugins/js_composer/assets/images/icons/binocular.png]
[ripara.7uptheme.net/wp-content/plugins/js_composer/assets/images/icons/blue-document-excel.png]
[ripara.7uptheme.net/wp-content/plugins/js_composer/assets/images/icons/blue-document-image.png]
[ripara.7uptheme.net/wp-content/plugins/js_composer/assets/images/icons/blue-document-music.png]
[ripara.7uptheme.net/wp-content/plugins/js_composer/assets/images/icons/blue-document-office.png]
[ripara.7uptheme.net/wp-content/plugins/js_composer/assets/images/icons/blue-document-pdf.png]
[ripara.7uptheme.net/wp-content/plugins/js_composer/assets/images/icons/blue-document-powerpoint.png]
[ripara.7uptheme.net/wp-content/plugins/js_composer/assets/images/icons/blue-document-word.png]
[ripara.7uptheme.net/wp-content/plugins/js_composer/assets/images/icons/bookmark.png]
[ripara.7uptheme.net/wp-content/plugins/js_composer/assets/images/icons/camcorder.png]
[ripara.7uptheme.net/wp-content/plugins/js_composer/assets/images/icons/camera.png]
[ripara.7uptheme.net/wp-content/plugins/js_composer/assets/images/icons/chart.png]
[ripara.7uptheme.net/wp-content/plugins/js_composer/assets/css/js_composer.min.css]
[ripara.7uptheme.net/home-2/index.html]
[ripara.7uptheme.net/home-3/index.html]
[ripara.7uptheme.net/home-4/index.html]
