[ripara.7uptheme.net/index.html]
[backblue.gif]
[fade.gif]
[index.html]
[ripara.7uptheme.net/wp-content/uploads/2019/01/background-silder-home-12fae.jpg]
[ripara.7uptheme.net/feed/index.html]
[ripara.7uptheme.net/comments/feed/index.html]
[ripara.7uptheme.net/wp-includes/js/jquery/jquery.js]
[ripara.7uptheme.net/wp-includes/js/jquery/jquery-migrate.min.js]
[ripara.7uptheme.net/wp-content/plugins/woo-notification/js/woo-notification.min.js]
[ripara.7uptheme.net/wp-content/plugins/woocommerce/assets/js/jquery-blockui/jquery.blockUI.min.js]
[ripara.7uptheme.net/wp-content/plugins/woocommerce/assets/js/frontend/add-to-cart.min.js]
[ripara.7uptheme.net/wp-content/plugins/js_composer/assets/js/vendors/woocommerce-add-to-cart.js]
[ripara.7uptheme.net/xmlrpc0db0.php]
[ripara.7uptheme.net/wp-includes/wlwmanifest.xml]
[ripara.7uptheme.net/wp-json/index.html]
[ripara.7uptheme.net/wp-json/oembed/1.0/embedb82d.json]
[ripara.7uptheme.net/wp-json/oembed/1.0/embed34dd]
[ripara.7uptheme.net/home-3/index.html]
[ripara.7uptheme.net/home-2/index.html]
[ripara.7uptheme.net/home-4/index.html]
[ripara.7uptheme.net/home-5/index.html]
[ripara.7uptheme.net/home-7/index.html]
[ripara.7uptheme.net/home-6/index.html]
[ripara.7uptheme.net/home-9/index.html]
[ripara.7uptheme.net/home-8/index.html]
[ripara.7uptheme.net/shop/index.html]
[ripara.7uptheme.net/shop-grid-2-column/index.html]
[ripara.7uptheme.net/shop-grid-4-column/index.html]
[ripara.7uptheme.net/shop-grid-3-column/index.html]
[ripara.7uptheme.net/shop-grid-5-column/index.html]
[ripara.7uptheme.net/shop-list-sidebar/index.html]
[ripara.7uptheme.net/shop-list-full/index.html]
[ripara.7uptheme.net/shop-ajax/index.html]
[ripara.7uptheme.net/blog-left-sidebar/index.html]
[ripara.7uptheme.net/blog-classic/index.html]
[ripara.7uptheme.net/blog-masonry/index.html]
[ripara.7uptheme.net/blog-loadmore/index.html]
[ripara.7uptheme.net/blog-full/index.html]
[ripara.7uptheme.net/blog-grid/index.html]
[ripara.7uptheme.net/blog-grid-style-2/index.html]
[ripara.7uptheme.net/blog-grid-style-3/index.html]
[ripara.7uptheme.net/2018/11/02/the-worlds-most-expensive-car-wheel-and-designers-biography-2/index.html]
[ripara.7uptheme.net/blog-grid-style-4/index.html]
[ripara.7uptheme.net/blog-grid-style-5/index.html]
[ripara.7uptheme.net/2018/11/28/the-story-of-designer-hailey-with-car-wheels-2/index.html]
[ripara.7uptheme.net/index.html]
[ripara.7uptheme.net/xmlrpc.php]
[ripara.7uptheme.net/wp-content/plugins/7up-core/libs/assets/admin/css/admin.css]
[ripara.7uptheme.net/wp-includes/css/dist/block-library/style.min.css]
[ripara.7uptheme.net/wp-includes/css/dist/block-library/theme.min.css]
[ripara.7uptheme.net/wp-content/plugins/yith-woocommerce-wishlist/assets/css/jquery.selectBox.css]
[ripara.7uptheme.net/wp-content/plugins/yith-woocommerce-wishlist/assets/css/font-awesome.min.css]
[ripara.7uptheme.net/wp-content/plugins/yith-woocommerce-wishlist/assets/css/style.css]
[ripara.7uptheme.net/wp-content/plugins/contact-form-7/includes/css/styles.css]
[ripara.7uptheme.net/wp-content/plugins/woo-notification/css/woo-notification.min.css]
[ripara.7uptheme.net/wp-content/plugins/woocommerce/assets/css/woocommerce-layout.css]
[ripara.7uptheme.net/wp-content/plugins/woocommerce/assets/css/woocommerce-smallscreen.css]
[ripara.7uptheme.net/wp-content/plugins/woocommerce/assets/css/woocommerce.css]
[ripara.7uptheme.net/wp-content/plugins/yith-woocommerce-compare/assets/css/colorbox.css]
[ripara.7uptheme.net/wp-content/plugins/woocommerce/assets/css/prettyPhoto.css]
[ripara.7uptheme.net/wp-content/plugins/js_composer/assets/lib/bower/font-awesome/css/font-awesome.min.css]
[ripara.7uptheme.net/wp-content/themes/ripara/assets/css/lib/bootstrap.min.css]
[ripara.7uptheme.net/wp-content/themes/ripara/assets/css/lib/bootstrap-theme.min.css]
[ripara.7uptheme.net/wp-content/themes/ripara/assets/css/lib/jquery.fancybox.min.css]
[ripara.7uptheme.net/wp-content/themes/ripara/assets/css/lib/jquery-ui.min.css]
[ripara.7uptheme.net/wp-content/themes/ripara/assets/css/lib/owl.carousel.min.css]
[ripara.7uptheme.net/wp-content/themes/ripara/assets/css/lib/owl.theme.min.css]
[ripara.7uptheme.net/wp-content/themes/ripara/assets/css/lib/owl.transitions.min.css]
[ripara.7uptheme.net/wp-content/themes/ripara/assets/css/lib/jquery.mCustomScrollbar.min.css]
[ripara.7uptheme.net/wp-content/themes/ripara/assets/css/lib/theme.css]
[ripara.7uptheme.net/wp-content/themes/ripara/assets/css/lib/font-elegant.min.css]
[ripara.7uptheme.net/wp-content/themes/ripara/assets/css/lib/animations.min.css]
[ripara.7uptheme.net/wp-content/themes/ripara/assets/css/lib/animation.css]
[ripara.7uptheme.net/wp-content/themes/ripara/assets/css/lib/hover.min.css]
[ripara.7uptheme.net/wp-content/themes/ripara/assets/css/lib/linear-icon.min.css]
[ripara.7uptheme.net/wp-content/themes/ripara/assets/css/custom-style.css]
[ripara.7uptheme.net/wp-content/themes/ripara/assets/css/sass/sass.css]
[ripara.7uptheme.net/wp-content/themes/ripara/assets/css/responsive.css]
[ripara.7uptheme.net/wp-content/themes/ripara/assets/css/lib/color.min.css]
[ripara.7uptheme.net/wp-content/themes/ripara/style.css]
[ripara.7uptheme.net/wp-content/plugins/7up-core/libs/assets/css/res-vcedo.css]
[ripara.7uptheme.net/wp-content/plugins/js_composer/assets/css/js_composer.min.css]
[ripara.7uptheme.net/home-2/index.html]
[ripara.7uptheme.net/home-3/index.html]
[ripara.7uptheme.net/home-4/index.html]
[ripara.7uptheme.net/home-5/index.html]
[ripara.7uptheme.net/home-6/index.html]
[ripara.7uptheme.net/home-7/index.html]
[ripara.7uptheme.net/home-8/index.html]
[ripara.7uptheme.net/home-9/index.html]
[ripara.7uptheme.net/shop/index.html]
[ripara.7uptheme.net/shop-grid-2-column/index.html]
[ripara.7uptheme.net/shop-grid-3-column/index.html]
[ripara.7uptheme.net/shop-grid-4-column/index.html]
[ripara.7uptheme.net/shop-grid-5-column/index.html]
[ripara.7uptheme.net/shop-ajax/index.html]
[ripara.7uptheme.net/shop-list-full/index.html]
[ripara.7uptheme.net/shop-list-sidebar/index.html]
[ripara.7uptheme.net/blog-classic/index.html]
[ripara.7uptheme.net/blog-left-sidebar/index.html]
[ripara.7uptheme.net/blog-loadmore/index.html]
[ripara.7uptheme.net/blog-masonry/index.html]
[ripara.7uptheme.net/blog-full/index.html]
[ripara.7uptheme.net/blog-grid/index.html]
[ripara.7uptheme.net/blog-grid-style-2/index.html]
[ripara.7uptheme.net/blog-grid-style-3/index.html]
[ripara.7uptheme.net/blog-grid-style-4/index.html]
[ripara.7uptheme.net/blog-grid-style-5/index.html]
[ripara.7uptheme.net/2018/11/02/the-worlds-most-expensive-car-wheel-and-designers-biography-2/index.html]
[ripara.7uptheme.net/2018/11/28/the-story-of-designer-hailey-with-car-wheels-2/index.html]
[ripara.7uptheme.net/2018/11/02/the-full-story-of-1960s-car-wheels-collection/index.html]
[ripara.7uptheme.net/2018/11/02/the-full-story-of-1960s-car-wheels-collection/index.html]
[ripara.7uptheme.net/2018/11/28/top-10-sets-of-auto-accessories-cheapest-in-2018/index.html]
[ripara.7uptheme.net/shop-right-sidebar/index.html]
[ripara.7uptheme.net/shop-left-sidebar/index.html]
[ripara.7uptheme.net/shop-hidden-sidebar/index.html]
[ripara.7uptheme.net/shop-attribute-filter/index.html]
[ripara.7uptheme.net/shop-no-page-heading/index.html]
[ripara.7uptheme.net/shop-header-overlap/index.html]
[ripara.7uptheme.net/product/wheel-svn-1020/index.html]
[ripara.7uptheme.net/product/anna-qcy-2454-variable/index.html]
[ripara.7uptheme.net/product/wheel-svn-1020-external/index.html]
[ripara.7uptheme.net/product/wheel-svn-1020-grouped/index.html]
[ripara.7uptheme.net/product/engine-component-sale-2/index.html]
[ripara.7uptheme.net/product/engine-component-fixed-image-video/index.html]
[ripara.7uptheme.net/product/engine-qct-133-grid-image-video/index.html]
[ripara.7uptheme.net/product-hover-style-1/index.html]
[ripara.7uptheme.net/product-hover-style-2/index.html]
[ripara.7uptheme.net/product-hover-translate/index.html]
[ripara.7uptheme.net/product/engine-component-left-sidebar/index.html]
[ripara.7uptheme.net/product/helen-ajhu-56-right-sidebar/index.html]
[ripara.7uptheme.net/product/engine-qct-133-grid-image/index.html]
[ripara.7uptheme.net/product/engine-component-sale/index.html]
[ripara.7uptheme.net/product/wheel-svn-1020-accordition-tab/index.html]
[ripara.7uptheme.net/product/wheel-vts-5654-horizontal-tab/index.html]
[ripara.7uptheme.net/product/anna-qcy-2454-sticky-add-to-cart/index.html]
[ripara.7uptheme.net/product/wheel-svn-1020-featured/index.html]
[ripara.7uptheme.net/product/leather-steering-wheel-2/index.html]
[ripara.7uptheme.net/cart/index.html]
[ripara.7uptheme.net/check-out/index.html]
[ripara.7uptheme.net/wishlist/index.html]
[ripara.7uptheme.net/my-account/index.html]
[ripara.7uptheme.net/404.html]
[ripara.7uptheme.net/about-us/index.html]
[ripara.7uptheme.net/contact/index.html]
[ripara.7uptheme.net/product-category/body-engine/index.html]
[ripara.7uptheme.net/product-category/engine-frame/index.html]
[ripara.7uptheme.net/product-category/car-furniture/index.html]
[ripara.7uptheme.net/my-account-2/index.html]
[ripara.7uptheme.net/product-category/lamps-light-car/index.html]
[ripara.7uptheme.net/product-category/wheel-collection/index.html]
[ripara.7uptheme.net/product-category/other-parts/index.html]
[ripara.7uptheme.net/index862d.html]
[ripara.7uptheme.net/index3a48.html]
[ripara.7uptheme.net/index37d5.html]
[ripara.7uptheme.net/index800d.html]
[ripara.7uptheme.net/indexd220.html]
[ripara.7uptheme.net/index999e.html]
[ripara.7uptheme.net/product/anna-qcy-2454-sale-copy/index.html]
[ripara.7uptheme.net/index0c19.html]
[ripara.7uptheme.net/indexda4e.html]
[ripara.7uptheme.net/product-category/automotive-parts/index.html]
[ripara.7uptheme.net/indexee61.html]
[ripara.7uptheme.net/product/silver-wheel-name-4/index.html]
[ripara.7uptheme.net/index8bef.html]
[ripara.7uptheme.net/indexc153.html]
[ripara.7uptheme.net/index7a05.html]
[ripara.7uptheme.net/1547104827835-86f45852-0407.html]
[ripara.7uptheme.net/1547104827990-1de371c3-1282.html]
[ripara.7uptheme.net/1547104828128-e04627c6-32cc.html]
